src/App.tsx(14,10): error TS6133: 'isLoggedIn' is declared but its value is never read.
src/App.tsx(15,10): error TS6133: 'userRole' is declared but its value is never read.
src/components/Sidebar.tsx(7,3): error TS6133: 'User' is declared but its value is never read.
src/pages/AdminDashboard.tsx(14,3): error TS6133: 'CheckCircle' is declared but its value is never read.
src/pages/AdminDashboard.tsx(15,3): error TS6133: 'XCircle' is declared but its value is never read.
src/pages/AdminDashboard.tsx(16,3): error TS6133: 'MoreVertical' is declared but its value is never read.
src/pages/AdminDashboard.tsx(17,3): error TS6133: 'ExternalLink' is declared but its value is never read.
src/pages/AptitudeSystem.tsx(8,3): error TS6133: 'AlertCircle' is declared but its value is never read.
src/pages/AptitudeSystem.tsx(12,3): error TS6133: 'BookOpen' is declared but its value is never read.
src/pages/Dashboard.tsx(14,3): error TS6133: 'User' is declared but its value is never read.
src/pages/Dashboard.tsx(101,22): error TS2304: Cannot find name 'FileText'.
src/pages/Dashboard.tsx(108,22): error TS2304: Cannot find name 'Mic2'.
src/pages/Dashboard.tsx(206,27): error TS2304: Cannot find name 'Mic2'.
src/pages/Dashboard.tsx(212,27): error TS2304: Cannot find name 'FileText'.
src/pages/LandingPage.tsx(10,3): error TS2305: Module '"lucide-react"' has no exported member 'Github'.
src/pages/LandingPage.tsx(11,3): error TS2305: Module '"lucide-react"' has no exported member 'Twitter'.
src/pages/LandingPage.tsx(12,3): error TS2305: Module '"lucide-react"' has no exported member 'Linkedin'.
src/pages/LandingPage.tsx(13,3): error TS2305: Module '"lucide-react"' has no exported member 'Instagram'.
src/pages/Login.tsx(4,17): error TS6133: 'ArrowRight' is declared but its value is never read.
src/pages/Login.tsx(4,42): error TS6133: 'ShieldCheck' is declared but its value is never read.
src/pages/Login.tsx(4,67): error TS2724: '"lucide-react"' has no exported member named 'Chrome'. Did you mean 'Home'?
src/pages/Login.tsx(4,75): error TS2305: Module '"lucide-react"' has no exported member 'Github'.
src/pages/MockInterview.tsx(10,3): error TS6133: 'MessageSquare' is declared but its value is never read.
src/pages/MockInterview.tsx(15,3): error TS6133: 'Pause' is declared but its value is never read.
src/pages/MockInterview.tsx(16,3): error TS6133: 'Play' is declared but its value is never read.
src/pages/MockInterview.tsx(198,96): error TS6133: 'idx' is declared but its value is never read.
src/pages/MockInterview.tsx(358,6): error TS2304: Cannot find name 'CheckCircle'.
src/pages/Pricing.tsx(9,3): error TS6133: 'CreditCard' is declared but its value is never read.
src/pages/Register.tsx(4,17): error TS6133: 'ArrowRight' is declared but its value is never read.
src/pages/Register.tsx(4,60): error TS2724: '"lucide-react"' has no exported member named 'Chrome'. Did you mean 'Home'?
